---
version: 1
interactions:
- request:
    body: '{}'
    form: {}
    headers:
      Content-Type:
      - application/json
      User-Agent:
      - Files.com Go SDK 1.0
    url: https://app.files.com/api/rest/v1/folders/tmp
    method: POST
  response:
    body: '{"error":"The destination exists.","http-code":422,"instance":"d02e7675bec31d339b118d24eb9851ae","title":"Destination
      Exists","type":"processing-failure/destination-exists"}'
    headers:
      Cache-Control:
      - no-cache, no-store, max-age=0, must-revalidate
      Content-Length:
      - "173"
      Content-Security-Policy:
      - 'default-src ''self''; base-uri ''self''; block-all-mixed-content; child-src
        ''none''; connect-src ''self''; font-src ''self'' data:; form-action ''self'';
        frame-ancestors ''none''; img-src ''self'' data: https:; media-src ''self'';
        object-src ''self''; plugin-types application/pdf; script-src ''self'' ''unsafe-eval''
        ''unsafe-inline''; style-src ''self'' ''unsafe-inline''; upgrade-insecure-requests'
      Content-Type:
      - application/json
      Date:
      - Fri, 23 May 2025 17:31:30 GMT
      Expires:
      - Fri, 01 Jan 1990 00:00:00 GMT
      Pragma:
      - no-cache
      Referrer-Policy:
      - same-origin
      Server:
      - files.com
      Strict-Transport-Security:
      - max-age=631139040; includeSubdomains; preload
      X-Content-Type-Options:
      - nosniff
      X-Download-Options:
      - noopen
      X-Files-Error-Class:
      - processing-failure/destination-exists
      X-Frame-Options:
      - SAMEORIGIN
      X-Permitted-Cross-Domain-Policies:
      - none
      X-Request-Id:
      - d02e7675bec31d339b118d24eb9851ae
      X-Xss-Protection:
      - 1; mode=block
    status: 422 Unprocessable Entity
    code: 422
    duration: ""
- request:
    body: '{}'
    form: {}
    headers:
      Content-Type:
      - application/json
      User-Agent:
      - Files.com Go SDK 1.0
    url: https://app.files.com/api/rest/v1/folders/tmp/TestDownload-files-cli_download-copy_contents_of_foo_to_foo_%28with_destination_slash%29
    method: POST
  response:
    body: '{"path":"tmp/TestDownload-files-cli_download-copy_contents_of_foo_to_foo_(with_destination_slash)","created_by_id":null,"created_by_api_key_id":3708528,"created_by_as2_incoming_message_id":null,"created_by_automation_id":null,"created_by_bundle_registration_id":null,"created_by_inbox_id":null,"created_by_remote_server_id":null,"created_by_remote_server_sync_id":null,"custom_metadata":{},"display_name":"TestDownload-files-cli_download-copy_contents_of_foo_to_foo_(with_destination_slash)","type":"directory","size":null,"created_at":"2025-05-23T17:31:30Z","last_modified_by_id":null,"last_modified_by_api_key_id":3708528,"last_modified_by_automation_id":null,"last_modified_by_bundle_registration_id":null,"last_modified_by_remote_server_id":null,"last_modified_by_remote_server_sync_id":null,"mtime":"2025-05-23T17:31:30Z","provided_mtime":null,"crc32":null,"md5":null,"sha1":null,"sha256":null,"permissions":"lrwd","subfolders_locked?":false,"is_locked":false}'
    headers:
      Cache-Control:
      - no-cache, no-store, max-age=0, must-revalidate
      Content-Length:
      - "965"
      Content-Security-Policy:
      - 'default-src ''self''; base-uri ''self''; block-all-mixed-content; child-src
        ''none''; connect-src ''self''; font-src ''self'' data:; form-action ''self'';
        frame-ancestors ''none''; img-src ''self'' data: https:; media-src ''self'';
        object-src ''self''; plugin-types application/pdf; script-src ''self'' ''unsafe-eval''
        ''unsafe-inline''; style-src ''self'' ''unsafe-inline''; upgrade-insecure-requests'
      Content-Type:
      - application/json
      Date:
      - Fri, 23 May 2025 17:31:30 GMT
      Expires:
      - Fri, 01 Jan 1990 00:00:00 GMT
      Pragma:
      - no-cache
      Referrer-Policy:
      - same-origin
      Server:
      - files.com
      Strict-Transport-Security:
      - max-age=631139040; includeSubdomains; preload
      X-Content-Type-Options:
      - nosniff
      X-Download-Options:
      - noopen
      X-Frame-Options:
      - SAMEORIGIN
      X-Permitted-Cross-Domain-Policies:
      - none
      X-Request-Id:
      - 8a09c79e2f8ecd399aa9ec428fbba766
      X-Xss-Protection:
      - 1; mode=block
    status: 201 Created
    code: 201
    duration: ""
- request:
    body: '{}'
    form: {}
    headers:
      Content-Type:
      - application/json
      User-Agent:
      - Files.com Go SDK 1.0
    url: https://app.files.com/api/rest/v1/folders/tmp
    method: POST
  response:
    body: '{"error":"The destination exists.","http-code":422,"instance":"b2061ae4916dd0dc13796173b9774f46","title":"Destination
      Exists","type":"processing-failure/destination-exists"}'
    headers:
      Cache-Control:
      - no-cache, no-store, max-age=0, must-revalidate
      Content-Length:
      - "173"
      Content-Security-Policy:
      - 'default-src ''self''; base-uri ''self''; block-all-mixed-content; child-src
        ''none''; connect-src ''self''; font-src ''self'' data:; form-action ''self'';
        frame-ancestors ''none''; img-src ''self'' data: https:; media-src ''self'';
        object-src ''self''; plugin-types application/pdf; script-src ''self'' ''unsafe-eval''
        ''unsafe-inline''; style-src ''self'' ''unsafe-inline''; upgrade-insecure-requests'
      Content-Type:
      - application/json
      Date:
      - Fri, 23 May 2025 17:31:30 GMT
      Expires:
      - Fri, 01 Jan 1990 00:00:00 GMT
      Pragma:
      - no-cache
      Referrer-Policy:
      - same-origin
      Server:
      - files.com
      Strict-Transport-Security:
      - max-age=631139040; includeSubdomains; preload
      X-Content-Type-Options:
      - nosniff
      X-Download-Options:
      - noopen
      X-Files-Error-Class:
      - processing-failure/destination-exists
      X-Frame-Options:
      - SAMEORIGIN
      X-Permitted-Cross-Domain-Policies:
      - none
      X-Request-Id:
      - b2061ae4916dd0dc13796173b9774f46
      X-Xss-Protection:
      - 1; mode=block
    status: 422 Unprocessable Entity
    code: 422
    duration: ""
- request:
    body: '{}'
    form: {}
    headers:
      Content-Type:
      - application/json
      User-Agent:
      - Files.com Go SDK 1.0
    url: https://app.files.com/api/rest/v1/folders/tmp/TestDownload-files-cli_download-copy_contents_of_foo_to_foo_%28with_destination_slash%29
    method: POST
  response:
    body: '{"error":"The destination exists.","http-code":422,"instance":"7c698085f1327f3eb44fc392ce8463ff","title":"Destination
      Exists","type":"processing-failure/destination-exists"}'
    headers:
      Cache-Control:
      - no-cache, no-store, max-age=0, must-revalidate
      Content-Length:
      - "173"
      Content-Security-Policy:
      - 'default-src ''self''; base-uri ''self''; block-all-mixed-content; child-src
        ''none''; connect-src ''self''; font-src ''self'' data:; form-action ''self'';
        frame-ancestors ''none''; img-src ''self'' data: https:; media-src ''self'';
        object-src ''self''; plugin-types application/pdf; script-src ''self'' ''unsafe-eval''
        ''unsafe-inline''; style-src ''self'' ''unsafe-inline''; upgrade-insecure-requests'
      Content-Type:
      - application/json
      Date:
      - Fri, 23 May 2025 17:31:30 GMT
      Expires:
      - Fri, 01 Jan 1990 00:00:00 GMT
      Pragma:
      - no-cache
      Referrer-Policy:
      - same-origin
      Server:
      - files.com
      Strict-Transport-Security:
      - max-age=631139040; includeSubdomains; preload
      X-Content-Type-Options:
      - nosniff
      X-Download-Options:
      - noopen
      X-Files-Error-Class:
      - processing-failure/destination-exists
      X-Frame-Options:
      - SAMEORIGIN
      X-Permitted-Cross-Domain-Policies:
      - none
      X-Request-Id:
      - 7c698085f1327f3eb44fc392ce8463ff
      X-Xss-Protection:
      - 1; mode=block
    status: 422 Unprocessable Entity
    code: 422
    duration: ""
- request:
    body: '{}'
    form: {}
    headers:
      Content-Type:
      - application/json
      User-Agent:
      - Files.com Go SDK 1.0
    url: https://app.files.com/api/rest/v1/folders/tmp/TestDownload-files-cli_download-copy_contents_of_foo_to_foo_%28with_destination_slash%29/src-root
    method: POST
  response:
    body: '{"path":"tmp/TestDownload-files-cli_download-copy_contents_of_foo_to_foo_(with_destination_slash)/src-root","created_by_id":null,"created_by_api_key_id":3708528,"created_by_as2_incoming_message_id":null,"created_by_automation_id":null,"created_by_bundle_registration_id":null,"created_by_inbox_id":null,"created_by_remote_server_id":null,"created_by_remote_server_sync_id":null,"custom_metadata":{},"display_name":"src-root","type":"directory","size":null,"created_at":"2025-05-23T17:31:30Z","last_modified_by_id":null,"last_modified_by_api_key_id":3708528,"last_modified_by_automation_id":null,"last_modified_by_bundle_registration_id":null,"last_modified_by_remote_server_id":null,"last_modified_by_remote_server_sync_id":null,"mtime":"2025-05-23T17:31:30Z","provided_mtime":null,"crc32":null,"md5":null,"sha1":null,"sha256":null,"permissions":"lrwd","subfolders_locked?":false,"is_locked":false}'
    headers:
      Cache-Control:
      - no-cache, no-store, max-age=0, must-revalidate
      Content-Length:
      - "898"
      Content-Security-Policy:
      - 'default-src ''self''; base-uri ''self''; block-all-mixed-content; child-src
        ''none''; connect-src ''self''; font-src ''self'' data:; form-action ''self'';
        frame-ancestors ''none''; img-src ''self'' data: https:; media-src ''self'';
        object-src ''self''; plugin-types application/pdf; script-src ''self'' ''unsafe-eval''
        ''unsafe-inline''; style-src ''self'' ''unsafe-inline''; upgrade-insecure-requests'
      Content-Type:
      - application/json
      Date:
      - Fri, 23 May 2025 17:31:30 GMT
      Expires:
      - Fri, 01 Jan 1990 00:00:00 GMT
      Pragma:
      - no-cache
      Referrer-Policy:
      - same-origin
      Server:
      - files.com
      Strict-Transport-Security:
      - max-age=631139040; includeSubdomains; preload
      X-Content-Type-Options:
      - nosniff
      X-Download-Options:
      - noopen
      X-Frame-Options:
      - SAMEORIGIN
      X-Permitted-Cross-Domain-Policies:
      - none
      X-Request-Id:
      - 2663093d4bcb62bbce57a4c52b5caeeb
      X-Xss-Protection:
      - 1; mode=block
    status: 201 Created
    code: 201
    duration: ""
- request:
    body: '{}'
    form: {}
    headers:
      Content-Type:
      - application/json
      User-Agent:
      - Files.com Go SDK 1.0
    url: https://app.files.com/api/rest/v1/folders/tmp
    method: POST
  response:
    body: '{"error":"The destination exists.","http-code":422,"instance":"4d6d046af8362a8c7705ee38091841ab","title":"Destination
      Exists","type":"processing-failure/destination-exists"}'
    headers:
      Cache-Control:
      - no-cache, no-store, max-age=0, must-revalidate
      Content-Length:
      - "173"
      Content-Security-Policy:
      - 'default-src ''self''; base-uri ''self''; block-all-mixed-content; child-src
        ''none''; connect-src ''self''; font-src ''self'' data:; form-action ''self'';
        frame-ancestors ''none''; img-src ''self'' data: https:; media-src ''self'';
        object-src ''self''; plugin-types application/pdf; script-src ''self'' ''unsafe-eval''
        ''unsafe-inline''; style-src ''self'' ''unsafe-inline''; upgrade-insecure-requests'
      Content-Type:
      - application/json
      Date:
      - Fri, 23 May 2025 17:31:30 GMT
      Expires:
      - Fri, 01 Jan 1990 00:00:00 GMT
      Pragma:
      - no-cache
      Referrer-Policy:
      - same-origin
      Server:
      - files.com
      Strict-Transport-Security:
      - max-age=631139040; includeSubdomains; preload
      X-Content-Type-Options:
      - nosniff
      X-Download-Options:
      - noopen
      X-Files-Error-Class:
      - processing-failure/destination-exists
      X-Frame-Options:
      - SAMEORIGIN
      X-Permitted-Cross-Domain-Policies:
      - none
      X-Request-Id:
      - 4d6d046af8362a8c7705ee38091841ab
      X-Xss-Protection:
      - 1; mode=block
    status: 422 Unprocessable Entity
    code: 422
    duration: ""
- request:
    body: '{}'
    form: {}
    headers:
      Content-Type:
      - application/json
      User-Agent:
      - Files.com Go SDK 1.0
    url: https://app.files.com/api/rest/v1/folders/tmp/TestDownload-files-cli_download-copy_contents_of_foo_to_foo_%28with_destination_slash%29
    method: POST
  response:
    body: '{"error":"The destination exists.","http-code":422,"instance":"be0372906b8cff094e0cb1a06bbde25d","title":"Destination
      Exists","type":"processing-failure/destination-exists"}'
    headers:
      Cache-Control:
      - no-cache, no-store, max-age=0, must-revalidate
      Content-Length:
      - "173"
      Content-Security-Policy:
      - 'default-src ''self''; base-uri ''self''; block-all-mixed-content; child-src
        ''none''; connect-src ''self''; font-src ''self'' data:; form-action ''self'';
        frame-ancestors ''none''; img-src ''self'' data: https:; media-src ''self'';
        object-src ''self''; plugin-types application/pdf; script-src ''self'' ''unsafe-eval''
        ''unsafe-inline''; style-src ''self'' ''unsafe-inline''; upgrade-insecure-requests'
      Content-Type:
      - application/json
      Date:
      - Fri, 23 May 2025 17:31:31 GMT
      Expires:
      - Fri, 01 Jan 1990 00:00:00 GMT
      Pragma:
      - no-cache
      Referrer-Policy:
      - same-origin
      Server:
      - files.com
      Strict-Transport-Security:
      - max-age=631139040; includeSubdomains; preload
      X-Content-Type-Options:
      - nosniff
      X-Download-Options:
      - noopen
      X-Files-Error-Class:
      - processing-failure/destination-exists
      X-Frame-Options:
      - SAMEORIGIN
      X-Permitted-Cross-Domain-Policies:
      - none
      X-Request-Id:
      - be0372906b8cff094e0cb1a06bbde25d
      X-Xss-Protection:
      - 1; mode=block
    status: 422 Unprocessable Entity
    code: 422
    duration: ""
- request:
    body: '{}'
    form: {}
    headers:
      Content-Type:
      - application/json
      User-Agent:
      - Files.com Go SDK 1.0
    url: https://app.files.com/api/rest/v1/folders/tmp/TestDownload-files-cli_download-copy_contents_of_foo_to_foo_%28with_destination_slash%29/src-root
    method: POST
  response:
    body: '{"error":"The destination exists.","http-code":422,"instance":"6bf6aa0929deef70d79d08aecb97b0fa","title":"Destination
      Exists","type":"processing-failure/destination-exists"}'
    headers:
      Cache-Control:
      - no-cache, no-store, max-age=0, must-revalidate
      Content-Length:
      - "173"
      Content-Security-Policy:
      - 'default-src ''self''; base-uri ''self''; block-all-mixed-content; child-src
        ''none''; connect-src ''self''; font-src ''self'' data:; form-action ''self'';
        frame-ancestors ''none''; img-src ''self'' data: https:; media-src ''self'';
        object-src ''self''; plugin-types application/pdf; script-src ''self'' ''unsafe-eval''
        ''unsafe-inline''; style-src ''self'' ''unsafe-inline''; upgrade-insecure-requests'
      Content-Type:
      - application/json
      Date:
      - Fri, 23 May 2025 17:31:31 GMT
      Expires:
      - Fri, 01 Jan 1990 00:00:00 GMT
      Pragma:
      - no-cache
      Referrer-Policy:
      - same-origin
      Server:
      - files.com
      Strict-Transport-Security:
      - max-age=631139040; includeSubdomains; preload
      X-Content-Type-Options:
      - nosniff
      X-Download-Options:
      - noopen
      X-Files-Error-Class:
      - processing-failure/destination-exists
      X-Frame-Options:
      - SAMEORIGIN
      X-Permitted-Cross-Domain-Policies:
      - none
      X-Request-Id:
      - 6bf6aa0929deef70d79d08aecb97b0fa
      X-Xss-Protection:
      - 1; mode=block
    status: 422 Unprocessable Entity
    code: 422
    duration: ""
- request:
    body: '{}'
    form: {}
    headers:
      Content-Type:
      - application/json
      User-Agent:
      - Files.com Go SDK 1.0
    url: https://app.files.com/api/rest/v1/folders/tmp/TestDownload-files-cli_download-copy_contents_of_foo_to_foo_%28with_destination_slash%29/src-root/src
    method: POST
  response:
    body: '{"path":"tmp/TestDownload-files-cli_download-copy_contents_of_foo_to_foo_(with_destination_slash)/src-root/src","created_by_id":null,"created_by_api_key_id":3708528,"created_by_as2_incoming_message_id":null,"created_by_automation_id":null,"created_by_bundle_registration_id":null,"created_by_inbox_id":null,"created_by_remote_server_id":null,"created_by_remote_server_sync_id":null,"custom_metadata":{},"display_name":"src","type":"directory","size":null,"created_at":"2025-05-23T17:31:31Z","last_modified_by_id":null,"last_modified_by_api_key_id":3708528,"last_modified_by_automation_id":null,"last_modified_by_bundle_registration_id":null,"last_modified_by_remote_server_id":null,"last_modified_by_remote_server_sync_id":null,"mtime":"2025-05-23T17:31:31Z","provided_mtime":null,"crc32":null,"md5":null,"sha1":null,"sha256":null,"permissions":"lrwd","subfolders_locked?":false,"is_locked":false}'
    headers:
      Cache-Control:
      - no-cache, no-store, max-age=0, must-revalidate
      Content-Length:
      - "897"
      Content-Security-Policy:
      - 'default-src ''self''; base-uri ''self''; block-all-mixed-content; child-src
        ''none''; connect-src ''self''; font-src ''self'' data:; form-action ''self'';
        frame-ancestors ''none''; img-src ''self'' data: https:; media-src ''self'';
        object-src ''self''; plugin-types application/pdf; script-src ''self'' ''unsafe-eval''
        ''unsafe-inline''; style-src ''self'' ''unsafe-inline''; upgrade-insecure-requests'
      Content-Type:
      - application/json
      Date:
      - Fri, 23 May 2025 17:31:31 GMT
      Expires:
      - Fri, 01 Jan 1990 00:00:00 GMT
      Pragma:
      - no-cache
      Referrer-Policy:
      - same-origin
      Server:
      - files.com
      Strict-Transport-Security:
      - max-age=631139040; includeSubdomains; preload
      X-Content-Type-Options:
      - nosniff
      X-Download-Options:
      - noopen
      X-Frame-Options:
      - SAMEORIGIN
      X-Permitted-Cross-Domain-Policies:
      - none
      X-Request-Id:
      - ab34738d4d91ee3cef4ee2e941bb7051
      X-Xss-Protection:
      - 1; mode=block
    status: 201 Created
    code: 201
    duration: ""
- request:
    body: '{}'
    form: {}
    headers:
      Content-Type:
      - application/json
      User-Agent:
      - Files.com Go SDK 1.0
    url: https://app.files.com/api/rest/v1/folders/tmp
    method: POST
  response:
    body: '{"error":"The destination exists.","http-code":422,"instance":"620734f9405502ec5de56dec3a339478","title":"Destination
      Exists","type":"processing-failure/destination-exists"}'
    headers:
      Cache-Control:
      - no-cache, no-store, max-age=0, must-revalidate
      Content-Length:
      - "173"
      Content-Security-Policy:
      - 'default-src ''self''; base-uri ''self''; block-all-mixed-content; child-src
        ''none''; connect-src ''self''; font-src ''self'' data:; form-action ''self'';
        frame-ancestors ''none''; img-src ''self'' data: https:; media-src ''self'';
        object-src ''self''; plugin-types application/pdf; script-src ''self'' ''unsafe-eval''
        ''unsafe-inline''; style-src ''self'' ''unsafe-inline''; upgrade-insecure-requests'
      Content-Type:
      - application/json
      Date:
      - Fri, 23 May 2025 17:31:31 GMT
      Expires:
      - Fri, 01 Jan 1990 00:00:00 GMT
      Pragma:
      - no-cache
      Referrer-Policy:
      - same-origin
      Server:
      - files.com
      Strict-Transport-Security:
      - max-age=631139040; includeSubdomains; preload
      X-Content-Type-Options:
      - nosniff
      X-Download-Options:
      - noopen
      X-Files-Error-Class:
      - processing-failure/destination-exists
      X-Frame-Options:
      - SAMEORIGIN
      X-Permitted-Cross-Domain-Policies:
      - none
      X-Request-Id:
      - 620734f9405502ec5de56dec3a339478
      X-Xss-Protection:
      - 1; mode=block
    status: 422 Unprocessable Entity
    code: 422
    duration: ""
- request:
    body: '{}'
    form: {}
    headers:
      Content-Type:
      - application/json
      User-Agent:
      - Files.com Go SDK 1.0
    url: https://app.files.com/api/rest/v1/folders/tmp/TestDownload-files-cli_download-copy_contents_of_foo_to_foo_%28with_destination_slash%29
    method: POST
  response:
    body: '{"error":"The destination exists.","http-code":422,"instance":"323dcb96f720771718cbf38d0d0d6cef","title":"Destination
      Exists","type":"processing-failure/destination-exists"}'
    headers:
      Cache-Control:
      - no-cache, no-store, max-age=0, must-revalidate
      Content-Length:
      - "173"
      Content-Security-Policy:
      - 'default-src ''self''; base-uri ''self''; block-all-mixed-content; child-src
        ''none''; connect-src ''self''; font-src ''self'' data:; form-action ''self'';
        frame-ancestors ''none''; img-src ''self'' data: https:; media-src ''self'';
        object-src ''self''; plugin-types application/pdf; script-src ''self'' ''unsafe-eval''
        ''unsafe-inline''; style-src ''self'' ''unsafe-inline''; upgrade-insecure-requests'
      Content-Type:
      - application/json
      Date:
      - Fri, 23 May 2025 17:31:31 GMT
      Expires:
      - Fri, 01 Jan 1990 00:00:00 GMT
      Pragma:
      - no-cache
      Referrer-Policy:
      - same-origin
      Server:
      - files.com
      Strict-Transport-Security:
      - max-age=631139040; includeSubdomains; preload
      X-Content-Type-Options:
      - nosniff
      X-Download-Options:
      - noopen
      X-Files-Error-Class:
      - processing-failure/destination-exists
      X-Frame-Options:
      - SAMEORIGIN
      X-Permitted-Cross-Domain-Policies:
      - none
      X-Request-Id:
      - 323dcb96f720771718cbf38d0d0d6cef
      X-Xss-Protection:
      - 1; mode=block
    status: 422 Unprocessable Entity
    code: 422
    duration: ""
- request:
    body: '{}'
    form: {}
    headers:
      Content-Type:
      - application/json
      User-Agent:
      - Files.com Go SDK 1.0
    url: https://app.files.com/api/rest/v1/folders/tmp/TestDownload-files-cli_download-copy_contents_of_foo_to_foo_%28with_destination_slash%29/src-root
    method: POST
  response:
    body: '{"error":"The destination exists.","http-code":422,"instance":"ebef051c197c8cda33afeecbe05b3770","title":"Destination
      Exists","type":"processing-failure/destination-exists"}'
    headers:
      Cache-Control:
      - no-cache, no-store, max-age=0, must-revalidate
      Content-Length:
      - "173"
      Content-Security-Policy:
      - 'default-src ''self''; base-uri ''self''; block-all-mixed-content; child-src
        ''none''; connect-src ''self''; font-src ''self'' data:; form-action ''self'';
        frame-ancestors ''none''; img-src ''self'' data: https:; media-src ''self'';
        object-src ''self''; plugin-types application/pdf; script-src ''self'' ''unsafe-eval''
        ''unsafe-inline''; style-src ''self'' ''unsafe-inline''; upgrade-insecure-requests'
      Content-Type:
      - application/json
      Date:
      - Fri, 23 May 2025 17:31:31 GMT
      Expires:
      - Fri, 01 Jan 1990 00:00:00 GMT
      Pragma:
      - no-cache
      Referrer-Policy:
      - same-origin
      Server:
      - files.com
      Strict-Transport-Security:
      - max-age=631139040; includeSubdomains; preload
      X-Content-Type-Options:
      - nosniff
      X-Download-Options:
      - noopen
      X-Files-Error-Class:
      - processing-failure/destination-exists
      X-Frame-Options:
      - SAMEORIGIN
      X-Permitted-Cross-Domain-Policies:
      - none
      X-Request-Id:
      - ebef051c197c8cda33afeecbe05b3770
      X-Xss-Protection:
      - 1; mode=block
    status: 422 Unprocessable Entity
    code: 422
    duration: ""
- request:
    body: '{}'
    form: {}
    headers:
      Content-Type:
      - application/json
      User-Agent:
      - Files.com Go SDK 1.0
    url: https://app.files.com/api/rest/v1/folders/tmp/TestDownload-files-cli_download-copy_contents_of_foo_to_foo_%28with_destination_slash%29/src-root/src
    method: POST
  response:
    body: '{"error":"The destination exists.","http-code":422,"instance":"8ff3972ec0af35a387a8cbd57399e417","title":"Destination
      Exists","type":"processing-failure/destination-exists"}'
    headers:
      Cache-Control:
      - no-cache, no-store, max-age=0, must-revalidate
      Content-Length:
      - "173"
      Content-Security-Policy:
      - 'default-src ''self''; base-uri ''self''; block-all-mixed-content; child-src
        ''none''; connect-src ''self''; font-src ''self'' data:; form-action ''self'';
        frame-ancestors ''none''; img-src ''self'' data: https:; media-src ''self'';
        object-src ''self''; plugin-types application/pdf; script-src ''self'' ''unsafe-eval''
        ''unsafe-inline''; style-src ''self'' ''unsafe-inline''; upgrade-insecure-requests'
      Content-Type:
      - application/json
      Date:
      - Fri, 23 May 2025 17:31:31 GMT
      Expires:
      - Fri, 01 Jan 1990 00:00:00 GMT
      Pragma:
      - no-cache
      Referrer-Policy:
      - same-origin
      Server:
      - files.com
      Strict-Transport-Security:
      - max-age=631139040; includeSubdomains; preload
      X-Content-Type-Options:
      - nosniff
      X-Download-Options:
      - noopen
      X-Files-Error-Class:
      - processing-failure/destination-exists
      X-Frame-Options:
      - SAMEORIGIN
      X-Permitted-Cross-Domain-Policies:
      - none
      X-Request-Id:
      - 8ff3972ec0af35a387a8cbd57399e417
      X-Xss-Protection:
      - 1; mode=block
    status: 422 Unprocessable Entity
    code: 422
    duration: ""
- request:
    body: '{}'
    form: {}
    headers:
      Content-Type:
      - application/json
      User-Agent:
      - Files.com Go SDK 1.0
    url: https://app.files.com/api/rest/v1/folders/tmp/TestDownload-files-cli_download-copy_contents_of_foo_to_foo_%28with_destination_slash%29/src-root/src/foo
    method: POST
  response:
    body: '{"path":"tmp/TestDownload-files-cli_download-copy_contents_of_foo_to_foo_(with_destination_slash)/src-root/src/foo","created_by_id":null,"created_by_api_key_id":3708528,"created_by_as2_incoming_message_id":null,"created_by_automation_id":null,"created_by_bundle_registration_id":null,"created_by_inbox_id":null,"created_by_remote_server_id":null,"created_by_remote_server_sync_id":null,"custom_metadata":{},"display_name":"foo","type":"directory","size":null,"created_at":"2025-05-23T17:31:31Z","last_modified_by_id":null,"last_modified_by_api_key_id":3708528,"last_modified_by_automation_id":null,"last_modified_by_bundle_registration_id":null,"last_modified_by_remote_server_id":null,"last_modified_by_remote_server_sync_id":null,"mtime":"2025-05-23T17:31:31Z","provided_mtime":null,"crc32":null,"md5":null,"sha1":null,"sha256":null,"permissions":"lrwd","subfolders_locked?":false,"is_locked":false}'
    headers:
      Cache-Control:
      - no-cache, no-store, max-age=0, must-revalidate
      Content-Length:
      - "901"
      Content-Security-Policy:
      - 'default-src ''self''; base-uri ''self''; block-all-mixed-content; child-src
        ''none''; connect-src ''self''; font-src ''self'' data:; form-action ''self'';
        frame-ancestors ''none''; img-src ''self'' data: https:; media-src ''self'';
        object-src ''self''; plugin-types application/pdf; script-src ''self'' ''unsafe-eval''
        ''unsafe-inline''; style-src ''self'' ''unsafe-inline''; upgrade-insecure-requests'
      Content-Type:
      - application/json
      Date:
      - Fri, 23 May 2025 17:31:31 GMT
      Expires:
      - Fri, 01 Jan 1990 00:00:00 GMT
      Pragma:
      - no-cache
      Referrer-Policy:
      - same-origin
      Server:
      - files.com
      Strict-Transport-Security:
      - max-age=631139040; includeSubdomains; preload
      X-Content-Type-Options:
      - nosniff
      X-Download-Options:
      - noopen
      X-Frame-Options:
      - SAMEORIGIN
      X-Permitted-Cross-Domain-Policies:
      - none
      X-Request-Id:
      - 2f23232146f68cd7326d0605d051a23f
      X-Xss-Protection:
      - 1; mode=block
    status: 201 Created
    code: 201
    duration: ""
- request:
    body: '{"mkdir_parents":true}'
    form: {}
    headers:
      Content-Type:
      - application/json
      User-Agent:
      - Files.com Go SDK 1.0
    url: https://app.files.com/api/rest/v1/file_actions/begin_upload/tmp/TestDownload-files-cli_download-copy_contents_of_foo_to_foo_%28with_destination_slash%29/src-root/src/foo/baz.txt
    method: POST
  response:
    body: '[{"send":{"partsize":"required-header Content-Length","partdata":"body"},"action":"put/write","ask_about_overwrites":false,"available_parts":10000,"expires":"2025-05-23T17:46:31Z","headers":{},"http_method":"PUT","next_partsize":6291456,"parallel_parts":true,"retry_parts":true,"parameters":{},"part_number":1,"partsize":5242880,"ref":"put-13456077062","upload_uri":"https://s3.amazonaws.com/objects.brickftp.com/metadata/134942/5a8975f8-2914-4648-94fd-e43b025411b7?X-Amz-Algorithm=AWS4-HMAC-SHA256\u0026X-Amz-Credential=AKIAIEWLY3MN4YGZQOWA%2F20250523%2Fus-east-1%2Fs3%2Faws4_request\u0026X-Amz-Date=20250523T173131Z\u0026X-Amz-Expires=900\u0026X-Amz-SignedHeaders=host\u0026partNumber=1\u0026response-content-type=application%2Foctet-stream\u0026uploadId=SpHbOa.aSu8F00zG_i7cTQcIt3gfkD8WhsD3KSsOgGrD8LcJIgwPWLajyrwwNxBLfGnKROlRs5xjGtrhCuvB8DV428xXGCklWFD.17buJhSzKQsF6ue.0fTQ8s5BQ8r.\u0026X-Amz-Signature=47bb8ea195ad9dc480b0353bb5c62d35b46aec485655d380955e035e3c2ba4c5"}]'
    headers:
      Cache-Control:
      - no-cache, no-store, max-age=0, must-revalidate
      Content-Security-Policy:
      - 'default-src ''self''; base-uri ''self''; block-all-mixed-content; child-src
        ''none''; connect-src ''self''; font-src ''self'' data:; form-action ''self'';
        frame-ancestors ''none''; img-src ''self'' data: https:; media-src ''self'';
        object-src ''self''; plugin-types application/pdf; script-src ''self'' ''unsafe-eval''
        ''unsafe-inline''; style-src ''self'' ''unsafe-inline''; upgrade-insecure-requests'
      Content-Type:
      - application/json
      Date:
      - Fri, 23 May 2025 17:31:31 GMT
      Expires:
      - Fri, 01 Jan 1990 00:00:00 GMT
      Pragma:
      - no-cache
      Referrer-Policy:
      - same-origin
      Server:
      - files.com
      Strict-Transport-Security:
      - max-age=631139040; includeSubdomains; preload
      X-Content-Type-Options:
      - nosniff
      X-Download-Options:
      - noopen
      X-Frame-Options:
      - SAMEORIGIN
      X-Permitted-Cross-Domain-Policies:
      - none
      X-Request-Id:
      - 4c9347705ddaeb719d698944bc2aedb7
      X-Xss-Protection:
      - 1; mode=block
    status: 200 OK
    code: 200
    duration: ""
- request:
    body: ""
    form: {}
    headers:
      Content-Length:
      - "0"
    url: https://s3.amazonaws.com/objects.brickftp.com/metadata/134942/5a8975f8-2914-4648-94fd-e43b025411b7?X-Amz-Algorithm=AWS4-HMAC-SHA256&X-Amz-Credential=AKIAIEWLY3MN4YGZQOWA%2F20250523%2Fus-east-1%2Fs3%2Faws4_request&X-Amz-Date=20250523T173131Z&X-Amz-Expires=900&X-Amz-SignedHeaders=host&partNumber=1&response-content-type=application%2Foctet-stream&uploadId=SpHbOa.aSu8F00zG_i7cTQcIt3gfkD8WhsD3KSsOgGrD8LcJIgwPWLajyrwwNxBLfGnKROlRs5xjGtrhCuvB8DV428xXGCklWFD.17buJhSzKQsF6ue.0fTQ8s5BQ8r.&X-Amz-Signature=47bb8ea195ad9dc480b0353bb5c62d35b46aec485655d380955e035e3c2ba4c5
    method: PUT
  response:
    body: ""
    headers:
      Content-Length:
      - "0"
      Date:
      - Fri, 23 May 2025 17:31:32 GMT
      Etag:
      - '"d41d8cd98f00b204e9800998ecf8427e"'
      Server:
      - AmazonS3
      X-Amz-Id-2:
      - CLNT/dnIkgb7z4l9MzoneXzo3xCYET0FVOQW7hpy5MF4JAxZ9zwO+Znbp2jilptiuveWmXErmJUHcR3/IcyzujrWo4CDf+3F
      X-Amz-Request-Id:
      - 2RGG8R0YADP5HGKA
      X-Amz-Server-Side-Encryption:
      - AES256
    status: 200 OK
    code: 200
    duration: ""
- request:
    body: '{"action":"end","etags":[{"etag":"d41d8cd98f00b204e9800998ecf8427e","part":"1"}],"mkdir_parents":true,"ref":"put-13456077062"}'
    form: {}
    headers:
      Content-Type:
      - application/json
      User-Agent:
      - Files.com Go SDK 1.0
    url: https://app.files.com/api/rest/v1/files/tmp/TestDownload-files-cli_download-copy_contents_of_foo_to_foo_%28with_destination_slash%29/src-root/src/foo/baz.txt
    method: POST
  response:
    body: '{"path":"tmp/TestDownload-files-cli_download-copy_contents_of_foo_to_foo_(with_destination_slash)/src-root/src/foo/baz.txt","created_by_id":null,"created_by_api_key_id":3708528,"created_by_as2_incoming_message_id":null,"created_by_automation_id":null,"created_by_bundle_registration_id":null,"created_by_inbox_id":null,"created_by_remote_server_id":null,"created_by_remote_server_sync_id":null,"custom_metadata":{},"display_name":"baz.txt","type":"file","size":0,"created_at":"2025-05-23T17:31:32Z","last_modified_by_id":null,"last_modified_by_api_key_id":3708528,"last_modified_by_automation_id":null,"last_modified_by_bundle_registration_id":null,"last_modified_by_remote_server_id":null,"last_modified_by_remote_server_sync_id":null,"mtime":"2025-05-23T17:31:32Z","provided_mtime":null,"crc32":null,"md5":null,"sha1":null,"sha256":null,"mime_type":"text/plain","region":"us-east-1","permissions":"lrwd"}'
    headers:
      Cache-Control:
      - no-cache, no-store, max-age=0, must-revalidate
      Content-Length:
      - "906"
      Content-Security-Policy:
      - 'default-src ''self''; base-uri ''self''; block-all-mixed-content; child-src
        ''none''; connect-src ''self''; font-src ''self'' data:; form-action ''self'';
        frame-ancestors ''none''; img-src ''self'' data: https:; media-src ''self'';
        object-src ''self''; plugin-types application/pdf; script-src ''self'' ''unsafe-eval''
        ''unsafe-inline''; style-src ''self'' ''unsafe-inline''; upgrade-insecure-requests'
      Content-Type:
      - application/json
      Date:
      - Fri, 23 May 2025 17:31:32 GMT
      Expires:
      - Fri, 01 Jan 1990 00:00:00 GMT
      Pragma:
      - no-cache
      Referrer-Policy:
      - same-origin
      Server:
      - files.com
      Strict-Transport-Security:
      - max-age=631139040; includeSubdomains; preload
      X-Content-Type-Options:
      - nosniff
      X-Download-Options:
      - noopen
      X-Files-Cache-For-Seconds:
      - "900"
      X-Files-Safe-To-Cache:
      - "true"
      X-Frame-Options:
      - SAMEORIGIN
      X-Permitted-Cross-Domain-Policies:
      - none
      X-Request-Id:
      - df2b2cfbfcff445ac225f88b7c546cbc
      X-Xss-Protection:
      - 1; mode=block
    status: 201 Created
    code: 201
    duration: ""
- request:
    body: ""
    form: {}
    headers:
      User-Agent:
      - Files.com Go SDK 1.0
    url: https://app.files.com/api/rest/v1/file_actions/metadata/tmp/TestDownload-files-cli_download-copy_contents_of_foo_to_foo_%28with_destination_slash%29/src-root/src/foo
    method: GET
  response:
    body: '{"path":"tmp/TestDownload-files-cli_download-copy_contents_of_foo_to_foo_(with_destination_slash)/src-root/src/foo","created_by_id":null,"created_by_api_key_id":3708528,"created_by_as2_incoming_message_id":null,"created_by_automation_id":null,"created_by_bundle_registration_id":null,"created_by_inbox_id":null,"created_by_remote_server_id":null,"created_by_remote_server_sync_id":null,"custom_metadata":{},"display_name":"foo","type":"directory","size":null,"created_at":"2025-05-23T17:31:31Z","last_modified_by_id":null,"last_modified_by_api_key_id":3708528,"last_modified_by_automation_id":null,"last_modified_by_bundle_registration_id":null,"last_modified_by_remote_server_id":null,"last_modified_by_remote_server_sync_id":null,"mtime":"2025-05-23T17:31:32Z","provided_mtime":null,"crc32":null,"md5":null,"sha1":null,"sha256":null,"permissions":"lrwd","subfolders_locked?":false,"is_locked":false}'
    headers:
      Cache-Control:
      - no-cache, no-store, max-age=0, must-revalidate
      Content-Security-Policy:
      - 'default-src ''self''; base-uri ''self''; block-all-mixed-content; child-src
        ''none''; connect-src ''self''; font-src ''self'' data:; form-action ''self'';
        frame-ancestors ''none''; img-src ''self'' data: https:; media-src ''self'';
        object-src ''self''; plugin-types application/pdf; script-src ''self'' ''unsafe-eval''
        ''unsafe-inline''; style-src ''self'' ''unsafe-inline''; upgrade-insecure-requests'
      Content-Type:
      - application/json
      Date:
      - Fri, 23 May 2025 17:31:32 GMT
      Expires:
      - Fri, 01 Jan 1990 00:00:00 GMT
      Pragma:
      - no-cache
      Referrer-Policy:
      - same-origin
      Server:
      - files.com
      Strict-Transport-Security:
      - max-age=631139040; includeSubdomains; preload
      X-Content-Type-Options:
      - nosniff
      X-Download-Options:
      - noopen
      X-Files-Cache-For-Seconds:
      - "900"
      X-Files-Safe-To-Cache:
      - "true"
      X-Frame-Options:
      - SAMEORIGIN
      X-Permitted-Cross-Domain-Policies:
      - none
      X-Request-Id:
      - a2c91e866f19e788070403cf02dfce03
      X-Xss-Protection:
      - 1; mode=block
    status: 200 OK
    code: 200
    duration: ""
- request:
    body: ""
    form: {}
    headers:
      User-Agent:
      - Files.com Go SDK 1.0
    url: https://app.files.com/api/rest/v1/folders/tmp/TestDownload-files-cli_download-copy_contents_of_foo_to_foo_%28with_destination_slash%29/src-root/src/foo
    method: GET
  response:
    body: '[{"path":"tmp/TestDownload-files-cli_download-copy_contents_of_foo_to_foo_(with_destination_slash)/src-root/src/foo/baz.txt","created_by_id":null,"created_by_api_key_id":3708528,"created_by_as2_incoming_message_id":null,"created_by_automation_id":null,"created_by_bundle_registration_id":null,"created_by_inbox_id":null,"created_by_remote_server_id":null,"created_by_remote_server_sync_id":null,"custom_metadata":{},"display_name":"baz.txt","type":"file","size":0,"created_at":"2025-05-23T17:31:32Z","last_modified_by_id":null,"last_modified_by_api_key_id":3708528,"last_modified_by_automation_id":null,"last_modified_by_bundle_registration_id":null,"last_modified_by_remote_server_id":null,"last_modified_by_remote_server_sync_id":null,"mtime":"2025-05-23T17:31:32Z","provided_mtime":null,"crc32":null,"md5":null,"sha1":null,"sha256":null,"mime_type":"text/plain","region":"us-east-1","permissions":"lrwd"}]'
    headers:
      Cache-Control:
      - no-cache, no-store, max-age=0, must-revalidate
      Content-Security-Policy:
      - 'default-src ''self''; base-uri ''self''; block-all-mixed-content; child-src
        ''none''; connect-src ''self''; font-src ''self'' data:; form-action ''self'';
        frame-ancestors ''none''; img-src ''self'' data: https:; media-src ''self'';
        object-src ''self''; plugin-types application/pdf; script-src ''self'' ''unsafe-eval''
        ''unsafe-inline''; style-src ''self'' ''unsafe-inline''; upgrade-insecure-requests'
      Content-Type:
      - application/json
      Date:
      - Fri, 23 May 2025 17:31:32 GMT
      Expires:
      - Fri, 01 Jan 1990 00:00:00 GMT
      Pragma:
      - no-cache
      Referrer-Policy:
      - same-origin
      Server:
      - files.com
      Strict-Transport-Security:
      - max-age=631139040; includeSubdomains; preload
      X-Content-Type-Options:
      - nosniff
      X-Download-Options:
      - noopen
      X-Files-Cache-For-Seconds:
      - "900"
      X-Files-Safe-To-Cache:
      - "true"
      X-Frame-Options:
      - SAMEORIGIN
      X-Permitted-Cross-Domain-Policies:
      - none
      X-Request-Id:
      - 280cf2143fed0312d019a8c60bb93156
      X-Xss-Protection:
      - 1; mode=block
    status: 200 OK
    code: 200
    duration: ""
- request:
    body: ""
    form: {}
    headers:
      User-Agent:
      - Files.com Go SDK 1.0
    url: https://app.files.com/api/rest/v1/files/tmp/TestDownload-files-cli_download-copy_contents_of_foo_to_foo_%28with_destination_slash%29/src-root/src/foo/baz.txt
    method: GET
  response:
    body: '{"path":"tmp/TestDownload-files-cli_download-copy_contents_of_foo_to_foo_(with_destination_slash)/src-root/src/foo/baz.txt","created_by_id":null,"created_by_api_key_id":3708528,"created_by_as2_incoming_message_id":null,"created_by_automation_id":null,"created_by_bundle_registration_id":null,"created_by_inbox_id":null,"created_by_remote_server_id":null,"created_by_remote_server_sync_id":null,"custom_metadata":{},"display_name":"baz.txt","type":"file","size":0,"created_at":"2025-05-23T17:31:32Z","last_modified_by_id":null,"last_modified_by_api_key_id":3708528,"last_modified_by_automation_id":null,"last_modified_by_bundle_registration_id":null,"last_modified_by_remote_server_id":null,"last_modified_by_remote_server_sync_id":null,"mtime":"2025-05-23T17:31:32Z","provided_mtime":null,"crc32":null,"md5":null,"sha1":null,"sha256":null,"mime_type":"text/plain","region":"us-east-1","permissions":"lrwd","download_uri":"https://s3.amazonaws.com/objects.brickftp.com/metadata/134942/5a8975f8-2914-4648-94fd-e43b025411b7?X-Amz-Algorithm=AWS4-HMAC-SHA256\u0026X-Amz-Credential=AKIAIEWLY3MN4YGZQOWA%2F20250523%2Fus-east-1%2Fs3%2Faws4_request\u0026X-Amz-Date=20250523T173132Z\u0026X-Amz-Expires=60\u0026X-Amz-SignedHeaders=host\u0026response-cache-control=no-cache%2C%20no-store\u0026response-content-disposition=attachment%3B%20filename%3D%22baz.txt%22\u0026response-content-type=text%2Fplain\u0026X-Amz-Signature=e0069f646d03fc72fa6901e992dcaa622d018492e62dfcb6ac55616f23020c36"}'
    headers:
      Cache-Control:
      - no-cache, no-store, max-age=0, must-revalidate
      Content-Security-Policy:
      - 'default-src ''self''; base-uri ''self''; block-all-mixed-content; child-src
        ''none''; connect-src ''self''; font-src ''self'' data:; form-action ''self'';
        frame-ancestors ''none''; img-src ''self'' data: https:; media-src ''self'';
        object-src ''self''; plugin-types application/pdf; script-src ''self'' ''unsafe-eval''
        ''unsafe-inline''; style-src ''self'' ''unsafe-inline''; upgrade-insecure-requests'
      Content-Type:
      - application/json
      Date:
      - Fri, 23 May 2025 17:31:32 GMT
      Expires:
      - Fri, 01 Jan 1990 00:00:00 GMT
      Pragma:
      - no-cache
      Referrer-Policy:
      - same-origin
      Server:
      - files.com
      Strict-Transport-Security:
      - max-age=631139040; includeSubdomains; preload
      X-Content-Type-Options:
      - nosniff
      X-Download-Options:
      - noopen
      X-Files-Cache-For-Seconds:
      - "900"
      X-Files-Safe-To-Cache:
      - "true"
      X-Frame-Options:
      - SAMEORIGIN
      X-Permitted-Cross-Domain-Policies:
      - none
      X-Request-Id:
      - 0416a95681af748578bd01deab49c1df
      X-Xss-Protection:
      - 1; mode=block
    status: 200 OK
    code: 200
    duration: ""
- request:
    body: ""
    form: {}
    headers:
      User-Agent:
      - Files.com Go SDK 1.0
    url: https://s3.amazonaws.com/objects.brickftp.com/metadata/134942/5a8975f8-2914-4648-94fd-e43b025411b7?X-Amz-Algorithm=AWS4-HMAC-SHA256&X-Amz-Credential=AKIAIEWLY3MN4YGZQOWA%2F20250523%2Fus-east-1%2Fs3%2Faws4_request&X-Amz-Date=20250523T173132Z&X-Amz-Expires=60&X-Amz-SignedHeaders=host&response-cache-control=no-cache%2C%20no-store&response-content-disposition=attachment%3B%20filename%3D%22baz.txt%22&response-content-type=text%2Fplain&X-Amz-Signature=e0069f646d03fc72fa6901e992dcaa622d018492e62dfcb6ac55616f23020c36
    method: GET
  response:
    body: ""
    headers:
      Accept-Ranges:
      - bytes
      Cache-Control:
      - no-cache, no-store
      Content-Disposition:
      - attachment; filename="baz.txt"
      Content-Length:
      - "0"
      Content-Type:
      - text/plain
      Date:
      - Fri, 23 May 2025 17:31:33 GMT
      Etag:
      - '"59adb24ef3cdbe0297f05b395827453f-1"'
      Last-Modified:
      - Fri, 23 May 2025 17:31:32 GMT
      Server:
      - AmazonS3
      X-Amz-Id-2:
      - qKu96J8I9qp2Ms2BqqyvQs6P8qgeeyDQbrjdtXYdGQBlsbknLLSdzcqR48KoiJM7TcynvjQt0j7v/1rveHu0I3QQ+tyKtWjb
      X-Amz-Meta-X-Amz-Meta-Gid:
      - "65534"
      X-Amz-Meta-X-Amz-Meta-Mode:
      - "33188"
      X-Amz-Meta-X-Amz-Meta-Uid:
      - "65534"
      X-Amz-Request-Id:
      - XBYH6253TQ2SWSGB
      X-Amz-Server-Side-Encryption:
      - AES256
      X-Amz-Version-Id:
      - "null"
    status: 200 OK
    code: 200
    duration: ""
- request:
    body: ""
    form: {}
    headers:
      User-Agent:
      - Files.com Go SDK 1.0
    url: https://app.files.com/api/rest/v1/file_actions/metadata/tmp/TestDownload-files-cli_download-copy_contents_of_foo_to_foo_%28with_destination_slash%29/src-root/src/foo
    method: GET
  response:
    body: '{"path":"tmp/TestDownload-files-cli_download-copy_contents_of_foo_to_foo_(with_destination_slash)/src-root/src/foo","created_by_id":null,"created_by_api_key_id":3708528,"created_by_as2_incoming_message_id":null,"created_by_automation_id":null,"created_by_bundle_registration_id":null,"created_by_inbox_id":null,"created_by_remote_server_id":null,"created_by_remote_server_sync_id":null,"custom_metadata":{},"display_name":"foo","type":"directory","size":null,"created_at":"2025-05-23T17:31:31Z","last_modified_by_id":null,"last_modified_by_api_key_id":3708528,"last_modified_by_automation_id":null,"last_modified_by_bundle_registration_id":null,"last_modified_by_remote_server_id":null,"last_modified_by_remote_server_sync_id":null,"mtime":"2025-05-23T17:31:32Z","provided_mtime":null,"crc32":null,"md5":null,"sha1":null,"sha256":null,"permissions":"lrwd","subfolders_locked?":false,"is_locked":false}'
    headers:
      Cache-Control:
      - no-cache, no-store, max-age=0, must-revalidate
      Content-Security-Policy:
      - 'default-src ''self''; base-uri ''self''; block-all-mixed-content; child-src
        ''none''; connect-src ''self''; font-src ''self'' data:; form-action ''self'';
        frame-ancestors ''none''; img-src ''self'' data: https:; media-src ''self'';
        object-src ''self''; plugin-types application/pdf; script-src ''self'' ''unsafe-eval''
        ''unsafe-inline''; style-src ''self'' ''unsafe-inline''; upgrade-insecure-requests'
      Content-Type:
      - application/json
      Date:
      - Fri, 23 May 2025 17:31:32 GMT
      Expires:
      - Fri, 01 Jan 1990 00:00:00 GMT
      Pragma:
      - no-cache
      Referrer-Policy:
      - same-origin
      Server:
      - files.com
      Strict-Transport-Security:
      - max-age=631139040; includeSubdomains; preload
      X-Content-Type-Options:
      - nosniff
      X-Download-Options:
      - noopen
      X-Files-Cache-For-Seconds:
      - "900"
      X-Files-Safe-To-Cache:
      - "true"
      X-Frame-Options:
      - SAMEORIGIN
      X-Permitted-Cross-Domain-Policies:
      - none
      X-Request-Id:
      - bdf6e4d759b506ff70901fd75b004470
      X-Xss-Protection:
      - 1; mode=block
    status: 200 OK
    code: 200
    duration: ""
- request:
    body: ""
    form: {}
    headers:
      User-Agent:
      - Files.com Go SDK 1.0
    url: https://app.files.com/api/rest/v1/file_actions/metadata/tmp/TestDownload-files-cli_download-copy_contents_of_foo_to_foo_%28with_destination_slash%29/src-root/src/foo
    method: GET
  response:
    body: '{"path":"tmp/TestDownload-files-cli_download-copy_contents_of_foo_to_foo_(with_destination_slash)/src-root/src/foo","created_by_id":null,"created_by_api_key_id":3708528,"created_by_as2_incoming_message_id":null,"created_by_automation_id":null,"created_by_bundle_registration_id":null,"created_by_inbox_id":null,"created_by_remote_server_id":null,"created_by_remote_server_sync_id":null,"custom_metadata":{},"display_name":"foo","type":"directory","size":null,"created_at":"2025-05-23T17:31:31Z","last_modified_by_id":null,"last_modified_by_api_key_id":3708528,"last_modified_by_automation_id":null,"last_modified_by_bundle_registration_id":null,"last_modified_by_remote_server_id":null,"last_modified_by_remote_server_sync_id":null,"mtime":"2025-05-23T17:31:32Z","provided_mtime":null,"crc32":null,"md5":null,"sha1":null,"sha256":null,"permissions":"lrwd","subfolders_locked?":false,"is_locked":false}'
    headers:
      Cache-Control:
      - no-cache, no-store, max-age=0, must-revalidate
      Content-Security-Policy:
      - 'default-src ''self''; base-uri ''self''; block-all-mixed-content; child-src
        ''none''; connect-src ''self''; font-src ''self'' data:; form-action ''self'';
        frame-ancestors ''none''; img-src ''self'' data: https:; media-src ''self'';
        object-src ''self''; plugin-types application/pdf; script-src ''self'' ''unsafe-eval''
        ''unsafe-inline''; style-src ''self'' ''unsafe-inline''; upgrade-insecure-requests'
      Content-Type:
      - application/json
      Date:
      - Fri, 23 May 2025 17:31:32 GMT
      Expires:
      - Fri, 01 Jan 1990 00:00:00 GMT
      Pragma:
      - no-cache
      Referrer-Policy:
      - same-origin
      Server:
      - files.com
      Strict-Transport-Security:
      - max-age=631139040; includeSubdomains; preload
      X-Content-Type-Options:
      - nosniff
      X-Download-Options:
      - noopen
      X-Files-Cache-For-Seconds:
      - "900"
      X-Files-Safe-To-Cache:
      - "true"
      X-Frame-Options:
      - SAMEORIGIN
      X-Permitted-Cross-Domain-Policies:
      - none
      X-Request-Id:
      - 293976da4572944110ea2b561dc6daa6
      X-Xss-Protection:
      - 1; mode=block
    status: 200 OK
    code: 200
    duration: ""
- request:
    body: ""
    form: {}
    headers:
      User-Agent:
      - Files.com Go SDK 1.0
    url: https://app.files.com/api/rest/v1/folders/tmp/TestDownload-files-cli_download-copy_contents_of_foo_to_foo_%28with_destination_slash%29/src-root/src/foo
    method: GET
  response:
    body: '[{"path":"tmp/TestDownload-files-cli_download-copy_contents_of_foo_to_foo_(with_destination_slash)/src-root/src/foo/baz.txt","created_by_id":null,"created_by_api_key_id":3708528,"created_by_as2_incoming_message_id":null,"created_by_automation_id":null,"created_by_bundle_registration_id":null,"created_by_inbox_id":null,"created_by_remote_server_id":null,"created_by_remote_server_sync_id":null,"custom_metadata":{},"display_name":"baz.txt","type":"file","size":0,"created_at":"2025-05-23T17:31:32Z","last_modified_by_id":null,"last_modified_by_api_key_id":3708528,"last_modified_by_automation_id":null,"last_modified_by_bundle_registration_id":null,"last_modified_by_remote_server_id":null,"last_modified_by_remote_server_sync_id":null,"mtime":"2025-05-23T17:31:32Z","provided_mtime":null,"crc32":null,"md5":null,"sha1":null,"sha256":null,"mime_type":"text/plain","region":"us-east-1","permissions":"lrwd"}]'
    headers:
      Cache-Control:
      - no-cache, no-store, max-age=0, must-revalidate
      Content-Security-Policy:
      - 'default-src ''self''; base-uri ''self''; block-all-mixed-content; child-src
        ''none''; connect-src ''self''; font-src ''self'' data:; form-action ''self'';
        frame-ancestors ''none''; img-src ''self'' data: https:; media-src ''self'';
        object-src ''self''; plugin-types application/pdf; script-src ''self'' ''unsafe-eval''
        ''unsafe-inline''; style-src ''self'' ''unsafe-inline''; upgrade-insecure-requests'
      Content-Type:
      - application/json
      Date:
      - Fri, 23 May 2025 17:31:32 GMT
      Expires:
      - Fri, 01 Jan 1990 00:00:00 GMT
      Pragma:
      - no-cache
      Referrer-Policy:
      - same-origin
      Server:
      - files.com
      Strict-Transport-Security:
      - max-age=631139040; includeSubdomains; preload
      X-Content-Type-Options:
      - nosniff
      X-Download-Options:
      - noopen
      X-Files-Cache-For-Seconds:
      - "900"
      X-Files-Cached-Response:
      - "1748021492"
      X-Files-Safe-To-Cache:
      - "true"
      X-Frame-Options:
      - SAMEORIGIN
      X-Permitted-Cross-Domain-Policies:
      - none
      X-Request-Id:
      - 7b81533ba11c4149ee03b55d27ac7b7f
      X-Xss-Protection:
      - 1; mode=block
    status: 200 OK
    code: 200
    duration: ""
- request:
    body: ""
    form: {}
    headers:
      User-Agent:
      - Files.com Go SDK 1.0
    url: https://app.files.com/api/rest/v1/files/tmp/TestDownload-files-cli_download-copy_contents_of_foo_to_foo_%28with_destination_slash%29/src-root?recursive=true
    method: DELETE
  response:
    body: ""
    headers:
      Cache-Control:
      - no-cache, no-store, max-age=0, must-revalidate
      Content-Security-Policy:
      - 'default-src ''self''; base-uri ''self''; block-all-mixed-content; child-src
        ''none''; connect-src ''self''; font-src ''self'' data:; form-action ''self'';
        frame-ancestors ''none''; img-src ''self'' data: https:; media-src ''self'';
        object-src ''self''; plugin-types application/pdf; script-src ''self'' ''unsafe-eval''
        ''unsafe-inline''; style-src ''self'' ''unsafe-inline''; upgrade-insecure-requests'
      Date:
      - Fri, 23 May 2025 17:31:32 GMT
      Expires:
      - Fri, 01 Jan 1990 00:00:00 GMT
      Pragma:
      - no-cache
      Referrer-Policy:
      - same-origin
      Server:
      - files.com
      Strict-Transport-Security:
      - max-age=631139040; includeSubdomains; preload
      X-Content-Type-Options:
      - nosniff
      X-Download-Options:
      - noopen
      X-Frame-Options:
      - SAMEORIGIN
      X-Permitted-Cross-Domain-Policies:
      - none
      X-Request-Id:
      - 637b2e48c688443fb6f4bbfbfac90a70
      X-Xss-Protection:
      - 1; mode=block
    status: 204 No Content
    code: 204
    duration: ""
