---
version: 1
interactions:
- request:
    body: '{}'
    form: {}
    headers:
      Connection:
      - close
      Content-Type:
      - application/json
      User-Agent:
      - Files.com Go SDK 2.0.0-beta
    url: https://app.files.com/api/rest/v1/folders/tmp
    method: POST
  response:
    body: '{"error":"The destination exists.","http-code":422,"instance":"4d258c60-203a-4904-a825-8aacb90b023d","title":"Destination
      Exists","type":"processing-failure/destination-exists"}'
    headers:
      Cache-Control:
      - no-cache, no-store, max-age=0, must-revalidate
      Content-Length:
      - "177"
      Content-Type:
      - application/json
      Date:
      - Mon, 06 Feb 2023 16:52:38 GMT
      Expires:
      - Fri, 01 Jan 1990 00:00:00 GMT
      Pragma:
      - no-cache
      Server:
      - nginx
      X-Files-Error-Class:
      - processing-failure/destination-exists
      X-Request-Id:
      - 4d258c60-203a-4904-a825-8aacb90b023d
      - a00f126d9dce678ead2be17b8c7c5959
    status: 422 Unprocessable Entity
    code: 422
    duration: ""
- request:
    body: '{}'
    form: {}
    headers:
      Connection:
      - close
      Content-Type:
      - application/json
      User-Agent:
      - Files.com Go SDK 2.0.0-beta
    url: https://app.files.com/api/rest/v1/folders/tmp/TestUpload-files-cli_upload-copy_contents_of_foo_to_foo
    method: POST
  response:
    body: '{"display_name":"TestUpload-files-cli_upload-copy_contents_of_foo_to_foo","type":"directory","size":null,"created_at":"2023-02-06T16:52:38Z","crc32":null,"md5":null,"subfolders_locked?":false,"is_locked":false}'
    headers:
      Cache-Control:
      - no-cache, no-store, max-age=0, must-revalidate
      Content-Length:
      - "210"
      Content-Type:
      - application/json
      Date:
      - Mon, 06 Feb 2023 16:52:38 GMT
      Expires:
      - Fri, 01 Jan 1990 00:00:00 GMT
      Pragma:
      - no-cache
      Server:
      - nginx
      X-Request-Id:
      - 175d27f7-fd70-41e5-9bed-d5e37157f0c0
      - a00e3f076c42a47f3784bdbdca4eea4f
    status: 201 Created
    code: 201
    duration: ""
- request:
    body: '{}'
    form: {}
    headers:
      Connection:
      - close
      Content-Type:
      - application/json
      User-Agent:
      - Files.com Go SDK 2.0.0-beta
    url: https://app.files.com/api/rest/v1/folders/tmp
    method: POST
  response:
    body: '{"error":"The destination exists.","http-code":422,"instance":"eee4f711-179b-4425-bdeb-4b94b2dc1a77","title":"Destination
      Exists","type":"processing-failure/destination-exists"}'
    headers:
      Cache-Control:
      - no-cache, no-store, max-age=0, must-revalidate
      Content-Length:
      - "177"
      Content-Type:
      - application/json
      Date:
      - Mon, 06 Feb 2023 16:52:39 GMT
      Expires:
      - Fri, 01 Jan 1990 00:00:00 GMT
      Pragma:
      - no-cache
      Server:
      - nginx
      X-Files-Error-Class:
      - processing-failure/destination-exists
      X-Request-Id:
      - eee4f711-179b-4425-bdeb-4b94b2dc1a77
      - 4e9a88cea6d17661c2ba0d17b2973850
    status: 422 Unprocessable Entity
    code: 422
    duration: ""
- request:
    body: '{}'
    form: {}
    headers:
      Connection:
      - close
      Content-Type:
      - application/json
      User-Agent:
      - Files.com Go SDK 2.0.0-beta
    url: https://app.files.com/api/rest/v1/folders/tmp/TestUpload-files-cli_upload-copy_contents_of_foo_to_foo
    method: POST
  response:
    body: '{"error":"The destination exists.","http-code":422,"instance":"c5dc0a37-d63a-47e7-9f3d-d1e3de134d44","title":"Destination
      Exists","type":"processing-failure/destination-exists"}'
    headers:
      Cache-Control:
      - no-cache, no-store, max-age=0, must-revalidate
      Content-Length:
      - "177"
      Content-Type:
      - application/json
      Date:
      - Mon, 06 Feb 2023 16:52:39 GMT
      Expires:
      - Fri, 01 Jan 1990 00:00:00 GMT
      Pragma:
      - no-cache
      Server:
      - nginx
      X-Files-Error-Class:
      - processing-failure/destination-exists
      X-Request-Id:
      - c5dc0a37-d63a-47e7-9f3d-d1e3de134d44
      - bb8b5d1912dc09d099f62eecf20ae54d
    status: 422 Unprocessable Entity
    code: 422
    duration: ""
- request:
    body: '{}'
    form: {}
    headers:
      Connection:
      - close
      Content-Type:
      - application/json
      User-Agent:
      - Files.com Go SDK 2.0.0-beta
    url: https://app.files.com/api/rest/v1/folders/tmp/TestUpload-files-cli_upload-copy_contents_of_foo_to_foo/dest-root
    method: POST
  response:
    body: '{"display_name":"dest-root","type":"directory","size":null,"created_at":"2023-02-06T16:52:40Z","crc32":null,"md5":null,"subfolders_locked?":false,"is_locked":false}'
    headers:
      Cache-Control:
      - no-cache, no-store, max-age=0, must-revalidate
      Content-Length:
      - "164"
      Content-Type:
      - application/json
      Date:
      - Mon, 06 Feb 2023 16:52:40 GMT
      Expires:
      - Fri, 01 Jan 1990 00:00:00 GMT
      Pragma:
      - no-cache
      Server:
      - nginx
      X-Request-Id:
      - b072fc2a-52c7-42aa-a4d2-ad8a376c6f2a
      - 680dd7ef036a096b38e186d39b23280b
    status: 201 Created
    code: 201
    duration: ""
- request:
    body: '{}'
    form: {}
    headers:
      Connection:
      - close
      Content-Type:
      - application/json
      User-Agent:
      - Files.com Go SDK 2.0.0-beta
    url: https://app.files.com/api/rest/v1/folders/tmp
    method: POST
  response:
    body: '{"error":"The destination exists.","http-code":422,"instance":"c6eb8e51-c42a-4fb2-aba0-1a54d0ff1e93","title":"Destination
      Exists","type":"processing-failure/destination-exists"}'
    headers:
      Cache-Control:
      - no-cache, no-store, max-age=0, must-revalidate
      Content-Length:
      - "177"
      Content-Type:
      - application/json
      Date:
      - Mon, 06 Feb 2023 16:52:40 GMT
      Expires:
      - Fri, 01 Jan 1990 00:00:00 GMT
      Pragma:
      - no-cache
      Server:
      - nginx
      X-Files-Error-Class:
      - processing-failure/destination-exists
      X-Request-Id:
      - c6eb8e51-c42a-4fb2-aba0-1a54d0ff1e93
      - 1e34cbd317645fec221df2db288ebc9c
    status: 422 Unprocessable Entity
    code: 422
    duration: ""
- request:
    body: '{}'
    form: {}
    headers:
      Connection:
      - close
      Content-Type:
      - application/json
      User-Agent:
      - Files.com Go SDK 2.0.0-beta
    url: https://app.files.com/api/rest/v1/folders/tmp/TestUpload-files-cli_upload-copy_contents_of_foo_to_foo
    method: POST
  response:
    body: '{"error":"The destination exists.","http-code":422,"instance":"3c072944-cfaa-4481-b67d-c6d1daac437e","title":"Destination
      Exists","type":"processing-failure/destination-exists"}'
    headers:
      Cache-Control:
      - no-cache, no-store, max-age=0, must-revalidate
      Content-Length:
      - "177"
      Content-Type:
      - application/json
      Date:
      - Mon, 06 Feb 2023 16:52:40 GMT
      Expires:
      - Fri, 01 Jan 1990 00:00:00 GMT
      Pragma:
      - no-cache
      Server:
      - nginx
      X-Files-Error-Class:
      - processing-failure/destination-exists
      X-Request-Id:
      - 3c072944-cfaa-4481-b67d-c6d1daac437e
      - 640df6f802b69860fd582a5d67b5c476
    status: 422 Unprocessable Entity
    code: 422
    duration: ""
- request:
    body: '{}'
    form: {}
    headers:
      Connection:
      - close
      Content-Type:
      - application/json
      User-Agent:
      - Files.com Go SDK 2.0.0-beta
    url: https://app.files.com/api/rest/v1/folders/tmp/TestUpload-files-cli_upload-copy_contents_of_foo_to_foo/dest-root
    method: POST
  response:
    body: '{"error":"The destination exists.","http-code":422,"instance":"b2b1aa8e-6f2a-4e08-9220-d8b7e0db0e54","title":"Destination
      Exists","type":"processing-failure/destination-exists"}'
    headers:
      Cache-Control:
      - no-cache, no-store, max-age=0, must-revalidate
      Content-Length:
      - "177"
      Content-Type:
      - application/json
      Date:
      - Mon, 06 Feb 2023 16:52:41 GMT
      Expires:
      - Fri, 01 Jan 1990 00:00:00 GMT
      Pragma:
      - no-cache
      Server:
      - nginx
      X-Files-Error-Class:
      - processing-failure/destination-exists
      X-Request-Id:
      - b2b1aa8e-6f2a-4e08-9220-d8b7e0db0e54
      - 0f3f675a9ef62fcf1c26d8f22d732707
    status: 422 Unprocessable Entity
    code: 422
    duration: ""
- request:
    body: '{}'
    form: {}
    headers:
      Connection:
      - close
      Content-Type:
      - application/json
      User-Agent:
      - Files.com Go SDK 2.0.0-beta
    url: https://app.files.com/api/rest/v1/folders/tmp/TestUpload-files-cli_upload-copy_contents_of_foo_to_foo/dest-root/Dest
    method: POST
  response:
    body: '{"display_name":"Dest","type":"directory","size":null,"created_at":"2023-02-06T16:52:41Z","crc32":null,"md5":null,"subfolders_locked?":false,"is_locked":false}'
    headers:
      Cache-Control:
      - no-cache, no-store, max-age=0, must-revalidate
      Content-Length:
      - "159"
      Content-Type:
      - application/json
      Date:
      - Mon, 06 Feb 2023 16:52:41 GMT
      Expires:
      - Fri, 01 Jan 1990 00:00:00 GMT
      Pragma:
      - no-cache
      Server:
      - nginx
      X-Request-Id:
      - 441e78ca-0d1b-4c02-abac-fc1328cd8b92
      - fe6229aa10c10d69a2dafd149eaa8ff1
    status: 201 Created
    code: 201
    duration: ""
- request:
    body: '{}'
    form: {}
    headers:
      Connection:
      - close
      Content-Type:
      - application/json
      User-Agent:
      - Files.com Go SDK 2.0.0-beta
    url: https://app.files.com/api/rest/v1/folders/tmp
    method: POST
  response:
    body: '{"error":"The destination exists.","http-code":422,"instance":"d3488316-81e2-483e-ad0c-70f584b372c2","title":"Destination
      Exists","type":"processing-failure/destination-exists"}'
    headers:
      Cache-Control:
      - no-cache, no-store, max-age=0, must-revalidate
      Content-Length:
      - "177"
      Content-Type:
      - application/json
      Date:
      - Mon, 06 Feb 2023 16:52:42 GMT
      Expires:
      - Fri, 01 Jan 1990 00:00:00 GMT
      Pragma:
      - no-cache
      Server:
      - nginx
      X-Files-Error-Class:
      - processing-failure/destination-exists
      X-Request-Id:
      - d3488316-81e2-483e-ad0c-70f584b372c2
      - 3cbf1d30e7d22499665c08ff734c35de
    status: 422 Unprocessable Entity
    code: 422
    duration: ""
- request:
    body: '{}'
    form: {}
    headers:
      Connection:
      - close
      Content-Type:
      - application/json
      User-Agent:
      - Files.com Go SDK 2.0.0-beta
    url: https://app.files.com/api/rest/v1/folders/tmp/TestUpload-files-cli_upload-copy_contents_of_foo_to_foo
    method: POST
  response:
    body: '{"error":"The destination exists.","http-code":422,"instance":"688227d0-6bb4-4fd6-96d9-f0217c6d3c61","title":"Destination
      Exists","type":"processing-failure/destination-exists"}'
    headers:
      Cache-Control:
      - no-cache, no-store, max-age=0, must-revalidate
      Content-Length:
      - "177"
      Content-Type:
      - application/json
      Date:
      - Mon, 06 Feb 2023 16:52:42 GMT
      Expires:
      - Fri, 01 Jan 1990 00:00:00 GMT
      Pragma:
      - no-cache
      Server:
      - nginx
      X-Files-Error-Class:
      - processing-failure/destination-exists
      X-Request-Id:
      - 688227d0-6bb4-4fd6-96d9-f0217c6d3c61
      - 8ea9d00bd4a0f0fbd69c08a15f6421ba
    status: 422 Unprocessable Entity
    code: 422
    duration: ""
- request:
    body: '{}'
    form: {}
    headers:
      Connection:
      - close
      Content-Type:
      - application/json
      User-Agent:
      - Files.com Go SDK 2.0.0-beta
    url: https://app.files.com/api/rest/v1/folders/tmp/TestUpload-files-cli_upload-copy_contents_of_foo_to_foo/dest-root
    method: POST
  response:
    body: '{"error":"The destination exists.","http-code":422,"instance":"821c4a55-d3d9-4e7a-b454-6f312ab0b9cc","title":"Destination
      Exists","type":"processing-failure/destination-exists"}'
    headers:
      Cache-Control:
      - no-cache, no-store, max-age=0, must-revalidate
      Content-Length:
      - "177"
      Content-Type:
      - application/json
      Date:
      - Mon, 06 Feb 2023 16:52:42 GMT
      Expires:
      - Fri, 01 Jan 1990 00:00:00 GMT
      Pragma:
      - no-cache
      Server:
      - nginx
      X-Files-Error-Class:
      - processing-failure/destination-exists
      X-Request-Id:
      - 821c4a55-d3d9-4e7a-b454-6f312ab0b9cc
      - 26ebc59095b5842ab33f4c996ce42ee2
    status: 422 Unprocessable Entity
    code: 422
    duration: ""
- request:
    body: '{}'
    form: {}
    headers:
      Connection:
      - close
      Content-Type:
      - application/json
      User-Agent:
      - Files.com Go SDK 2.0.0-beta
    url: https://app.files.com/api/rest/v1/folders/tmp/TestUpload-files-cli_upload-copy_contents_of_foo_to_foo/dest-root/Dest
    method: POST
  response:
    body: '{"error":"The destination exists.","http-code":422,"instance":"328c0dac-c4f6-472b-86c6-8e8afeab57ab","title":"Destination
      Exists","type":"processing-failure/destination-exists"}'
    headers:
      Cache-Control:
      - no-cache, no-store, max-age=0, must-revalidate
      Content-Length:
      - "177"
      Content-Type:
      - application/json
      Date:
      - Mon, 06 Feb 2023 16:52:43 GMT
      Expires:
      - Fri, 01 Jan 1990 00:00:00 GMT
      Pragma:
      - no-cache
      Server:
      - nginx
      X-Files-Error-Class:
      - processing-failure/destination-exists
      X-Request-Id:
      - 328c0dac-c4f6-472b-86c6-8e8afeab57ab
      - 53dab6fea601ca6d7366418dd7defad2
    status: 422 Unprocessable Entity
    code: 422
    duration: ""
- request:
    body: '{}'
    form: {}
    headers:
      Connection:
      - close
      Content-Type:
      - application/json
      User-Agent:
      - Files.com Go SDK 2.0.0-beta
    url: https://app.files.com/api/rest/v1/folders/tmp/TestUpload-files-cli_upload-copy_contents_of_foo_to_foo/dest-root/Dest/foo
    method: POST
  response:
    body: '{"display_name":"foo","type":"directory","size":null,"created_at":"2023-02-06T16:52:43Z","crc32":null,"md5":null,"subfolders_locked?":false,"is_locked":false}'
    headers:
      Cache-Control:
      - no-cache, no-store, max-age=0, must-revalidate
      Content-Length:
      - "158"
      Content-Type:
      - application/json
      Date:
      - Mon, 06 Feb 2023 16:52:43 GMT
      Expires:
      - Fri, 01 Jan 1990 00:00:00 GMT
      Pragma:
      - no-cache
      Server:
      - nginx
      X-Request-Id:
      - b86e243a-760a-451c-a38d-2edea4292360
      - 600bf63c819c1d094e3782d43441b2d6
    status: 201 Created
    code: 201
    duration: ""
- request:
    body: '{"mkdir_parents":true}'
    form: {}
    headers:
      Connection:
      - close
      Content-Type:
      - application/json
      User-Agent:
      - Files.com Go SDK 2.0.0-beta
    url: https://app.files.com/api/rest/v1/file_actions/begin_upload/tmp/TestUpload-files-cli_upload-copy_contents_of_foo_to_foo/dest-root/Dest/foo/baz.txt
    method: POST
  response:
    body: '[{"send":{"partsize":"required-header Content-Length","partdata":"body"},"action":"put/write","ask_about_overwrites":false,"available_parts":10000,"expires":"2023-02-06T17:07:44Z","headers":{},"http_method":"PUT","next_partsize":6291456,"parallel_parts":true,"parameters":{},"part_number":1,"partsize":5242880,"ref":"put-4118334762","upload_uri":"https://s3.amazonaws.com/objects.brickftp.com/metadata/37263/657ca2b7-5cc9-4291-a688-c861975f8fef?X-Amz-Algorithm=AWS4-HMAC-SHA256\u0026X-Amz-Credential=AKIAIEWLY3MN4YGZQOWA%2F20230206%2Fus-east-1%2Fs3%2Faws4_request\u0026X-Amz-Date=20230206T165244Z\u0026X-Amz-Expires=900\u0026X-Amz-SignedHeaders=host\u0026partNumber=1\u0026response-content-type=application%2Foctet-stream\u0026uploadId=x.YGSkeHDmdYYtK64eWaLaqpO_a0.wTfrawDqaAIWnQcSnRo.WaBX_5xTOiZ7Im4TVzqxyo450PzCCxk93q02O0hHi9ScsEBtBO0gg1Lr4DCIxWwQhAmQVlBR95Ie6Gt\u0026X-Amz-Signature=3916e425643137b872dc9faf5c3840068403cb32743ce4331cbc9f40ff9e0343"}]'
    headers:
      Cache-Control:
      - no-cache, no-store, max-age=0, must-revalidate
      Content-Type:
      - application/json
      Date:
      - Mon, 06 Feb 2023 16:52:44 GMT
      Expires:
      - Fri, 01 Jan 1990 00:00:00 GMT
      Pragma:
      - no-cache
      Server:
      - nginx
      X-Request-Id:
      - d8428ea2-65e8-4946-95ae-fa6c467ae784
      - 46ecf986add52141bf4fe3bcc43b0fa3
    status: 200 OK
    code: 200
    duration: ""
- request:
    body: ""
    form: {}
    headers:
      Connection:
      - close
      Content-Length:
      - "0"
    url: https://s3.amazonaws.com/objects.brickftp.com/metadata/37263/657ca2b7-5cc9-4291-a688-c861975f8fef?X-Amz-Algorithm=AWS4-HMAC-SHA256&X-Amz-Credential=AKIAIEWLY3MN4YGZQOWA%2F20230206%2Fus-east-1%2Fs3%2Faws4_request&X-Amz-Date=20230206T165244Z&X-Amz-Expires=900&X-Amz-SignedHeaders=host&partNumber=1&response-content-type=application%2Foctet-stream&uploadId=x.YGSkeHDmdYYtK64eWaLaqpO_a0.wTfrawDqaAIWnQcSnRo.WaBX_5xTOiZ7Im4TVzqxyo450PzCCxk93q02O0hHi9ScsEBtBO0gg1Lr4DCIxWwQhAmQVlBR95Ie6Gt&X-Amz-Signature=3916e425643137b872dc9faf5c3840068403cb32743ce4331cbc9f40ff9e0343
    method: PUT
  response:
    body: ""
    headers:
      Content-Length:
      - "0"
      Date:
      - Mon, 06 Feb 2023 16:52:45 GMT
      Etag:
      - '"d41d8cd98f00b204e9800998ecf8427e"'
      Server:
      - AmazonS3
      X-Amz-Id-2:
      - DzrwzGN3JfmYyKTYsTx9Q4BAzwP7MRtcGSN/RQaCnzaoszlB2NRK81ymdtHLH5QAiJNNKTBQxac=
      X-Amz-Request-Id:
      - C2A5A492BS3EV4QE
      X-Amz-Server-Side-Encryption:
      - AES256
    status: 200 OK
    code: 200
    duration: ""
- request:
    body: '{"action":"end","etags":[{"etag":"d41d8cd98f00b204e9800998ecf8427e","part":"1"}],"mkdir_parents":true,"provided_mtime":"2023-02-06T08:52:39.979628029-08:00","ref":"put-4118334762"}'
    form: {}
    headers:
      Connection:
      - close
      Content-Type:
      - application/json
      User-Agent:
      - Files.com Go SDK 2.0.0-beta
    url: https://app.files.com/api/rest/v1/files/tmp/TestUpload-files-cli_upload-copy_contents_of_foo_to_foo/dest-root/Dest/foo/baz.txt
    method: POST
  response:
    body: '{"path":"tmp/TestUpload-files-cli_upload-copy_contents_of_foo_to_foo/dest-root/Dest/foo/baz.txt","display_name":"baz.txt","type":"file","size":0,"created_at":"2023-02-06T16:52:45Z","mtime":"2023-02-06T16:52:45Z","provided_mtime":"2023-02-06T16:52:39Z","crc32":null,"md5":null,"mime_type":"text/plain","region":"us-east-1","permissions":"lrwd"}'
    headers:
      Cache-Control:
      - no-cache, no-store, max-age=0, must-revalidate
      Content-Length:
      - "343"
      Content-Type:
      - application/json
      Date:
      - Mon, 06 Feb 2023 16:52:45 GMT
      Expires:
      - Fri, 01 Jan 1990 00:00:00 GMT
      Pragma:
      - no-cache
      Server:
      - nginx
      X-Request-Id:
      - 4bcd68ee-cc96-4185-affc-e00eae963f2d
      - 6ca619507923a98e5a046c2c23a4dcaf
    status: 201 Created
    code: 201
    duration: ""
- request:
    body: ""
    form: {}
    headers:
      Connection:
      - close
      User-Agent:
      - Files.com Go SDK 2.0.0-beta
    url: https://app.files.com/api/rest/v1/file_actions/metadata/tmp/TestUpload-files-cli_upload-copy_contents_of_foo_to_foo/dest-root/Dest/foo
    method: GET
  response:
    body: '{"path":"tmp/TestUpload-files-cli_upload-copy_contents_of_foo_to_foo/dest-root/Dest/foo","display_name":"foo","type":"directory","size":null,"created_at":"2023-02-06T16:52:43Z","mtime":"2023-02-06T16:52:45Z","provided_mtime":null,"crc32":null,"md5":null,"permissions":"lrwd","subfolders_locked?":false,"is_locked":false}'
    headers:
      Cache-Control:
      - no-cache, no-store, max-age=0, must-revalidate
      Content-Type:
      - application/json
      Date:
      - Mon, 06 Feb 2023 16:52:45 GMT
      Expires:
      - Fri, 01 Jan 1990 00:00:00 GMT
      Pragma:
      - no-cache
      Server:
      - nginx
      X-Request-Id:
      - 040736d7-480e-4c14-8d09-2469b1d113fa
      - 9b2104970098caeeaa7a1b8e8cf462fe
    status: 200 OK
    code: 200
    duration: ""
- request:
    body: ""
    form: {}
    headers:
      Connection:
      - close
      User-Agent:
      - Files.com Go SDK 2.0.0-beta
    url: https://app.files.com/api/rest/v1/file_actions/metadata/tmp/TestUpload-files-cli_upload-copy_contents_of_foo_to_foo/dest-root/Dest/foo
    method: GET
  response:
    body: '{"path":"tmp/TestUpload-files-cli_upload-copy_contents_of_foo_to_foo/dest-root/Dest/foo","display_name":"foo","type":"directory","size":null,"created_at":"2023-02-06T16:52:43Z","mtime":"2023-02-06T16:52:45Z","provided_mtime":null,"crc32":null,"md5":null,"permissions":"lrwd","subfolders_locked?":false,"is_locked":false}'
    headers:
      Cache-Control:
      - no-cache, no-store, max-age=0, must-revalidate
      Content-Type:
      - application/json
      Date:
      - Mon, 06 Feb 2023 16:52:45 GMT
      Expires:
      - Fri, 01 Jan 1990 00:00:00 GMT
      Pragma:
      - no-cache
      Server:
      - nginx
      X-Request-Id:
      - faf5cef1-8eaa-4bfe-9167-4a0496481ebf
      - 1a726ad8b97593a5e9e25c8cd65e98a0
    status: 200 OK
    code: 200
    duration: ""
- request:
    body: ""
    form: {}
    headers:
      Connection:
      - close
      User-Agent:
      - Files.com Go SDK 2.0.0-beta
    url: https://app.files.com/api/rest/v1/folders/tmp/TestUpload-files-cli_upload-copy_contents_of_foo_to_foo/dest-root/Dest/foo
    method: GET
  response:
    body: '[{"path":"tmp/TestUpload-files-cli_upload-copy_contents_of_foo_to_foo/dest-root/Dest/foo/baz.txt","display_name":"baz.txt","type":"file","size":0,"created_at":"2023-02-06T16:52:45Z","mtime":"2023-02-06T16:52:45Z","provided_mtime":"2023-02-06T16:52:39Z","crc32":"0","md5":"d41d8cd98f00b204e9800998ecf8427e","mime_type":"text/plain","region":"us-east-1","permissions":"lrwd"}]'
    headers:
      Cache-Control:
      - no-cache, no-store, max-age=0, must-revalidate
      Content-Type:
      - application/json
      Date:
      - Mon, 06 Feb 2023 16:52:46 GMT
      Expires:
      - Fri, 01 Jan 1990 00:00:00 GMT
      Pragma:
      - no-cache
      Server:
      - nginx
      X-Request-Id:
      - 39ded2ec-5422-425c-8631-4b58bf8cd35e
      - ebd401dfd37298a018ad22fb3c10593b
    status: 200 OK
    code: 200
    duration: ""
- request:
    body: ""
    form: {}
    headers:
      Connection:
      - close
      User-Agent:
      - Files.com Go SDK 2.0.0-beta
    url: https://app.files.com/api/rest/v1/file_actions/metadata/tmp/TestUpload-files-cli_upload-copy_contents_of_foo_to_foo/dest-root/Dest
    method: GET
  response:
    body: '{"path":"tmp/TestUpload-files-cli_upload-copy_contents_of_foo_to_foo/dest-root/Dest","display_name":"Dest","type":"directory","size":null,"created_at":"2023-02-06T16:52:41Z","mtime":"2023-02-06T16:52:45Z","provided_mtime":null,"crc32":null,"md5":null,"permissions":"lrwd","subfolders_locked?":false,"is_locked":false}'
    headers:
      Cache-Control:
      - no-cache, no-store, max-age=0, must-revalidate
      Content-Type:
      - application/json
      Date:
      - Mon, 06 Feb 2023 16:52:46 GMT
      Expires:
      - Fri, 01 Jan 1990 00:00:00 GMT
      Pragma:
      - no-cache
      Server:
      - nginx
      X-Request-Id:
      - 47332ac8-521d-4137-8cdb-432e84875f57
      - 908b1a5e288246f304e61d66bc1df975
    status: 200 OK
    code: 200
    duration: ""
- request:
    body: ""
    form: {}
    headers:
      Connection:
      - close
      User-Agent:
      - Files.com Go SDK 2.0.0-beta
    url: https://app.files.com/api/rest/v1/file_actions/metadata/tmp/TestUpload-files-cli_upload-copy_contents_of_foo_to_foo/dest-root/Dest/foo
    method: GET
  response:
    body: '{"path":"tmp/TestUpload-files-cli_upload-copy_contents_of_foo_to_foo/dest-root/Dest/foo","display_name":"foo","type":"directory","size":null,"created_at":"2023-02-06T16:52:43Z","mtime":"2023-02-06T16:52:45Z","provided_mtime":null,"crc32":null,"md5":null,"permissions":"lrwd","subfolders_locked?":false,"is_locked":false}'
    headers:
      Cache-Control:
      - no-cache, no-store, max-age=0, must-revalidate
      Content-Type:
      - application/json
      Date:
      - Mon, 06 Feb 2023 16:52:47 GMT
      Expires:
      - Fri, 01 Jan 1990 00:00:00 GMT
      Pragma:
      - no-cache
      Server:
      - nginx
      X-Request-Id:
      - 7827c3e4-70ea-4a8d-b207-47a24177c3f0
      - ef0f4a0b2d6946282f1326c01d6ccb32
    status: 200 OK
    code: 200
    duration: ""
- request:
    body: ""
    form: {}
    headers:
      Connection:
      - close
      User-Agent:
      - Files.com Go SDK 2.0.0-beta
    url: https://app.files.com/api/rest/v1/file_actions/metadata/tmp/TestUpload-files-cli_upload-copy_contents_of_foo_to_foo/dest-root/Dest/foo/baz.txt
    method: GET
  response:
    body: '{"path":"tmp/TestUpload-files-cli_upload-copy_contents_of_foo_to_foo/dest-root/Dest/foo/baz.txt","display_name":"baz.txt","type":"file","size":0,"created_at":"2023-02-06T16:52:45Z","mtime":"2023-02-06T16:52:45Z","provided_mtime":"2023-02-06T16:52:39Z","crc32":"0","md5":"d41d8cd98f00b204e9800998ecf8427e","mime_type":"text/plain","region":"us-east-1","permissions":"lrwd"}'
    headers:
      Cache-Control:
      - no-cache, no-store, max-age=0, must-revalidate
      Content-Type:
      - application/json
      Date:
      - Mon, 06 Feb 2023 16:52:47 GMT
      Expires:
      - Fri, 01 Jan 1990 00:00:00 GMT
      Pragma:
      - no-cache
      Server:
      - nginx
      X-Request-Id:
      - 20cbd049-a955-4491-84d9-88302cc8be5f
      - 1d04f7a3e52a6ac0ac2fc1710469dcc0
    status: 200 OK
    code: 200
    duration: ""
- request:
    body: ""
    form: {}
    headers:
      Connection:
      - close
      User-Agent:
      - Files.com Go SDK 2.0.0-beta
    url: https://app.files.com/api/rest/v1/files/tmp/TestUpload-files-cli_upload-copy_contents_of_foo_to_foo/dest-root?recursive=true
    method: DELETE
  response:
    body: ""
    headers:
      Cache-Control:
      - no-cache, no-store, max-age=0, must-revalidate
      Date:
      - Mon, 06 Feb 2023 16:52:47 GMT
      Expires:
      - Fri, 01 Jan 1990 00:00:00 GMT
      Pragma:
      - no-cache
      Server:
      - nginx
      X-Request-Id:
      - c8358794-e3e1-4e48-9397-dbc9c52587cd
      - 59ddb5111020118f43ef089a3e1f0d1c
    status: 204 No Content
    code: 204
    duration: ""
